// Orthodox Calendar — Summary
// Lead feast · fasting glyph · Gospel. One line per day.

January 1	Circumcision of Our Lord and Savior Jesus Christ
January 2	Forefeast of the Theophany of Our Lord and Saviour Jesus Christ  John 3:1-15
January 3	Forefeast of the Theophany of Our Lord and Saviour Jesus Christ
January 4	Sunday before Epiphany  Mark 1:1-8
January 5	Eve of the Theophany of Our Lord and Saviour Jesus Christ  ☦️  Luke 3:1-18
January 6	The Theophany of Our Lord and Saviour Jesus Christ  Matthew 3:13-17
January 7	Synaxis of John the Holy Glorious Prophet, Baptist, & Forerunner  🐟  John 1:29-34
January 8	Afterfeast of the Theophany of Our Lord and Saviour Jesus Christ
January 9	Afterfeast of the Theophany of Our Lord and Saviour Jesus Christ  ☦️
January 10	Gregory of Nyssa
January 11	Sunday after Epiphany
January 12	Afterfeast of the Theophany of Our Lord and Saviour Jesus Christ
January 13	Afterfeast of the Theophany of Our Lord and Saviour Jesus Christ
January 14	Leavetaking of the Theophany of Our Lord and Saviour Jesus Christ  🍇
January 15	Paul of Thebes
January 16	Veneration of Apostle Peter's Precious Chains  🍇  John 21:14-25
January 17	Anthony the Great
January 18	12th Sunday of Luke
January 19	Macarius the Great of Egypt
January 20	Righteous Euthymius the Great
January 21	Maximus the Confessor  ☦️
January 22	Timothy the Apostle of the 70  Matthew 10:32-33;37-38;19:27-30
January 23	Hieromartyr Clement, Bishop of Ancyra  ☦️  Mark 2:23-28;3:1-5
January 24	Xenia, Deaconess of Rome
January 25	15th Sunday of Luke
January 26	Xenophon & his Companions
January 27	Removal of the Relics of John Chrysostom, Archbishop of Constantinople  John 10:9-16
January 28	Ephraim the Syrian  ☦️
January 29	Removal of the Relics of Ignatius  the God-bearer  Mark 9:33-41
January 30	Synaxis of The Three Hierarchs: Basil the Great, Gregory the Theologian, & John Chrysostom  🍇
January 31	Cyrus & John the Unmercenaries  Matthew 10:1,5-8
February 1	Sunday of the Publican and Pharisee: Triodion Begins Today
February 2	The Presentation of Our Lord and Savior in the Temple  Luke 2:22-40
February 3	Afterfeast of the Presentation of Our Lord and Savior in the Temple  Luke 2:25-38
February 4	Isidore of Pelusium
February 5	Agatha the Martyr
February 6	Photius the Great, Patriarch of Constantinople
February 7	Parthenius, Bishop of Lampsacus
February 8	Sunday of the Prodigal Son  Luke 15:11-32
February 9	Leavetaking of the Presentation of Our Lord and Savior in the Temple
February 10	Hieromartyr Haralambos  John 15:17-27;16:1-2
February 11	Blaise the Hieromartyr of Sebastia  🍇
February 12	Meletius, Archbishop of Antioch
February 13	Martinian of Palestine  ☦️
February 14	Saturday of Souls
February 15	Judgment Sunday (Meatfare Sunday)
February 16	Cheesefare Monday  🧀
February 17	Theodore the Tyro, Great Martyr  🧀
February 18	Leo the Great, Pope of Rome  🧀
February 19	The Holy Apostles of the Seventy Philemon, Apphia, Archippus, and Onesimus  🧀
February 20	Leo, Bishop of Catania  🧀
February 21	Cheesefare Saturday  🧀
February 22	Forgiveness Sunday  🧀
February 23	Polycarp the Holy Martyr & Bishop of Smyrna  ☦️
February 24	First & Second Finding of the Venerable Head of John the Baptist  🍇  Matthew 11:2-15
February 25	Tarasius, Patriarch of Constantinople  ☦️
February 26	Porphyrius, Bishop of Gaza  ☦️
February 27	Procopius the Confessor of Decapolis  ☦️
February 28	First Saturday of Lent: The Commemoration of the Miracle of Kollyva wrought by Saint Theodore the Tyro  🍇
March 2	Hesychius the Martyr  ☦️
March 3	The Holy Martyrs Eutropius, Cleonicus, and Basiliscus  ☦️
March 4	Gerasimus the Righteous of Jordan  ☦️
March 5	Conon the Gardener  ☦️
March 6	42 Martyrs of Amorion in Phrygia  ☦️
March 9	The Holy Forty Martyrs of Sebastia  🍇
March 10	Quadratus the Martyr & his Companions  ☦️
March 11	Sophronius, Patriarch of Jerusalem  ☦️
March 12	Theophanes the Confessor  ☦️
March 13	Removal of the relics of Nicephorus, Patriarch of Constantinople  ☦️
March 16	Sabine the Martyr of Egypt  ☦️
March 17	Alexis the Man of God  ☦️
March 18	Cyril, Patriarch of Jerusalem  ☦️
March 19	The Holy Martyrs Chrysanthus and Daria  ☦️
March 20	Righteous Fathers slain at the Monastery of St. Savas  ☦️
March 23	The Holy Righteous Martyr Nicon and His 199 Disciples  ☦️
March 24	Forefeast of the Annunciation of the Theotokos  ☦️
March 25	Annunciation of the Theotokos  🐟  Luke 1:24-38
March 27	Martyr Matrona of Thessalonica  ☦️
March 30	John Climacus the Righteous, author of The Divine Ladder of Ascent  ☦️
March 31	The Holy Hieromartyr Hypatius, Bishop of Gangra  ☦️
April 1	Mary of Egypt  ☦️
April 2	Titus the Wonderworker  ☦️
April 3	Nicetas, Abbot of the Monastery of Medicium  ☦️
April 23	George the Great Martyr and Triumphant
April 25	Mark the Apostle and Evangelist
April 30	James the Apostle and brother of St. John the Theologian
May 2	Removal of the Relics of St. Athanasius the Great
May 7	Commemoration of the Precious Cross that appeared in the sky over Jerusalem in 351 A.D.
May 8	Synaxis of the Holy Powder (or manna) which emitted from the tomb of Saint John the Theologian  🍇
May 9	The Holy Prophet Esaias (Isaiah)
May 11	Renewal of Constantinople
May 12	Epiphanius, Bishop of Cyprus
May 15	Pachomius the Great  🍇
May 16	Theodore the Sanctified
May 19	Patrick the Hieromartyr and  Bishop of Prusa and His Fellow Martyrs Acacius, Menander, and Polyaenus
May 22	Basiliscus the Martyr, Bishop of Comana  🍇
May 23	Michael the Confessor, Bishop of Synnada
May 25	Third Finding of the Precious Head of St. John the Baptist  Matthew 11:2-15
May 26	Carpos and Alphaeus, Apostles of the 70
May 27	The Holy Hieromartyr Helladius  🍇
May 28	Hieromartyr Eutychius, Bishop of Melitene
June 4	Our Father Metrophanes, Archbishop of Constantinople
June 8	Removal of the Relics of Theodore the Commander  🐟
June 9	Cyril, Patriarch of Alexandria  🐟
June 10	Alexander and Antonina the Martyrs  ☦️
June 11	Bartholomew the Holy Apostle  🐟
June 12	Onuphrius of Egypt  ☦️
June 13	Aquilina the Martyr of Syria  🐟
June 15	Amos the Prophet  🐟
June 16	Tychon the Wonderworker  🐟
June 17	Isaurus the Holy Martyr & his Companions of Athens  ☦️
June 18	Leontius, Hypatius, & Theodulus the Martyrs of Syria  🐟
June 19	Thaddeus (Jude) the Apostle & Brother of Our Lord  ☦️
June 20	Methodios the Martyr, Bishop of Olympus  🐟
June 22	Eusebius, Bishop of Samosata  🐟
June 23	Agrippina the Martyr of Rome  🐟
June 24	Nativity of the Forerunner John the Baptist  🐟
June 25	Leavetaking of the Nativity of the Forerunner John the Baptist  🐟
June 26	David the Righteous of Thessalonika  ☦️
June 27	Samson the Hospitable  🐟
June 29	Peter and Paul, the Holy Apostles  Matthew 16:13-19
June 30	Synaxis of the Twelve Holy Apostles  Matthew 9:36,10:1-8
July 1	Cosmas & Damian the Holy Unmercenaries  🍇
July 2	Deposition of the Precious Robe of the Theotokos in Blachernae  Luke 1:39-49,56
July 3	Hyacinth the Martyr of Caesarea & Theodotos and Theodota the Martyrs  ☦️
July 4	Andrew of Crete Author of the Great Canon
July 6	Sisoes the Great
July 7	Kyriake the Great Martyr
July 8	The Holy Great Martyr Procopius  🍇  Luke 6:17-19,9:1-2,10:16-21
July 9	The Holy Hieromartyr Pancratius, Bishop of Tauromenium in Sicily
July 10	45 Holy Martyrs of Nikopolis, Armenia  ☦️
July 11	Euphemia the Great Martyr
July 13	Synaxis of Archangel Gabriel
July 14	Aquila the Apostle among the 70
July 15	The Holy Martyrs Cyricus and His Mother Julitta  ☦️
July 16	Athenogenes the Holy Martyr of Heracleopolis
July 17	The Holy Great Martyr Marina (Margaret)  🍇  Mark 5:24-34
July 18	Holy Martyr Emilian
July 19	Sunday of the Holy Fathers of the 4th Ecumenical Council
July 20	The Glorious Prophet Elias (Elijah)
July 21	John and Symeon the Fool for Christ
July 22	Mary Magdalene, the Holy Myrrh-bearer and Equal to the Apostles  🍇
July 23	Phocas the Holy Martyr, Bishop of Sinope
July 24	Christina the Great Martyr of Tyre  ☦️
July 25	Dormition of St. Anna, mother of the Theotokos
July 27	Panteleimon the Great Martyr & Healer  John 15:17-27;16:1-2
July 28	Prochoros, Nicanor, Timon, & Parmenas the Apostles of the 70
July 29	The Holy Martyr Callinicus  ☦️
July 30	Silas, Silvan, Crescens, Epenetus and Andronicus the Apostles of the 70
July 31	Forefeast of the Precious Cross  ☦️
August 1	The Holy Seven Maccabee Children, Solomone Their Mother, and Eleazar Their Teacher  🍇
August 3	Isaacius, Dalmatus, & Faustus, Ascetics of the Dalmation Monastery  ☦️
August 4	Seven Holy Youths of Ephesus  ☦️
August 5	Forefeast of the Transfiguration of our Lord and Savior Jesus Christ  ☦️
August 6	Transfiguration of our Lord and Savior Jesus Christ  🐟  Matthew 17:1-9
August 7	Afterfeast of the Transfiguration of our Lord and Savior Jesus Christ  ☦️
August 8	Emilian the Confessor & Bishop of Cyzikos  🍇
August 10	Laurence the Holy Martyr & Archdeacon of Rome  ☦️
August 11	Euplus the Holy Martyr & Archdeacon of Catania  ☦️
August 12	The Holy Martyrs Photius and Anicetus of Nicomedia  ☦️
August 13	Apodosis of the Transfiguration  ☦️
August 14	Forefeast of the Dormition of our Most Holy Lady the Theotokos and Ever Virgin Mary  ☦️
August 15	The Dormition of our Most Holy Lady the Theotokos and Ever Virgin Mary  Luke 10:38-42,11:27-28
August 17	Myron the Martyr of Cyzicus
August 18	Floros & Lauros the Monk-martyrs of Illyria
August 19	Andrew the General & Martyr & his 2,593 soldiers  ☦️
August 20	Samuel the Prophet
August 21	The Holy Apostle Thaddaeus  ☦️
August 22	The Holy Martyr Agathonicus
August 24	Eutyches the Hieromartyr & Disciple of St. John the Theologian
August 25	Return of the Body of Bartholomew the Glorious Apostle
August 26	The Holy Martyrs Adrian and Natalie  ☦️
August 27	Pimen the Great
August 28	Moses the Black of Scete  ☦️
August 29	Beheading of the Holy and Glorious Prophet, Forerunner and Baptist John  🍇  Mark 6:14-30
August 31	The Placing of the Honorable Sash of the Most Holy Theotokos  Luke 10:38-42,11:27-28
September 1	Ecclesiastical New Year
September 2	Martyr Mammas  ☦️
September 3	Hieromartyr Anthimus
September 4	Hieromartyr Babylas  ☦️
September 5	Holy Prophet Zacharias, Father of the Venerable Forerunner
September 6	14th Sunday of Matthew
September 7	Theotokos' Nativity Forefeast
September 8	The Nativity of Our Most Holy Lady the Theotokos and Ever-Virgin Mary  Luke 10:38-42,11:27-28
September 9	The Holy & Righteous Ancestors of God, Joachim and Anna  🍇
September 10	Menodora, Metrodora, & Nymphodora the Martyrs
September 11	Theodora of Alexandria  ☦️
September 12	Apodosis of Nativity of the Theotokos
September 13	Sunday before Holy Cross
September 14	The Elevation of the Venerable and Life-Giving Cross  ☦️  John 19:6-11,13-20,25-28,30
September 15	Nikitas the Great Martyr  Matthew 10:16-22
September 16	Euphemia the Great Martyr  ☦️  Luke 7:36-50
September 17	Martyrs Sophia, Pistis, Elpis & Agape
September 18	Eumenius the Wonderworker  ☦️
September 19	Saturday after Holy Cross
September 20	Sunday after Holy Cross
September 21	Apodosis of the Holy Cross
September 22	Hieromartyr Phocas
September 23	The Conception of St. John the Baptist  🍇
September 24	The Commemoration of the Miracle of the Theotokos Myrtidiotissis in Kythyra
September 25	Euphrosyne of Alexandria  ☦️
September 26	The Falling Asleep of St. John the Evangelist and Theologian  John 19:25-27;21:24-25
September 27	1st Sunday of Luke
September 28	Chariton the Confessor
September 29	Cyriacus the Anchorite
September 30	Gregory the Illuminator, Bishop of Armenia  ☦️  Matthew 24:42-47
October 1	Holy Protection of the Theotokos
October 2	Martyrs Cyprian and Justina  ☦️
October 3	Dionysios the Areopagite
October 4	2nd Sunday of Luke
October 5	Martyr Charitina
October 6	The Holy and Glorious Apostle Thomas
October 7	Martyrs Sergius and Bacchus  ☦️
October 8	Righteous Pelagia
October 9	James the Apostle, son of Alphaeus  ☦️  Matthew 9:36-38;10:1-8
October 10	Martyrs Eulampius & Eulampia
October 11	Sunday of the 7th Ecumenical Council
October 12	Martyrs Probus, Andronicus, & Tarachus
October 13	Carpus, Papylus, Agathodorus, & Agathonica
October 14	Martyrs Nazarius, Gervasius, Protasius, & Celsus  ☦️
October 15	Hieromartyr Lucian
October 16	Longinus the Centurion  ☦️
October 17	Prophet Hosea
October 18	Luke the Evangelist
October 19	Prophet Joel
October 20	Great Martyr Artemius
October 21	Hilarion the Great  ☦️
October 22	Abercius of Hierapolis
October 23	James (Iakovos) the Apostle, brother of Our Lord  🍇  Matthew 13:54-58
October 24	Arethas the Great Martyr and His Fellow Martyrs
October 25	6th Sunday of Luke
October 26	The Holy Great Martyr Demetrius the Myrrh-streamer  John 15:17-27;16:1-2
October 27	Great Martyr Nestor
October 28	The Holy Protection of the Theotokos  ☦️
October 29	Martyr Anastasia
October 30	Martyrs Zenobius & Zenobia  ☦️
October 31	Stachys and Companions of the 70
November 1	5th Sunday of Luke
November 2	Martyrs Martyrs Acindynos, Pegasios, Aphthonios, Elpidophoros, and Anempodistos
November 3	Martyrs Ascepsimas, Joseph & Aeithalas
November 4	Joannicius the Great  ☦️
November 5	Martyrs Galaktion & Epistime
November 6	Paul the Confessor, Patriarch of Constantinople  ☦️
November 7	Bishop Raphael Hawaweeny of Brooklyn
November 8	7th Sunday of Luke
November 9	Nektarius the Wonderworker, Metropolitan of Pentapolis
November 10	Olympas & Companions of the 70
November 11	Martyr Menas  ☦️
November 12	John the Merciful, Patriarch of Alexandria  Matthew 5:14-19
November 13	John Chrysostom, Archbishop of Constantinople  🍇
November 14	Philip the Apostle  John 1:43-51
November 15	8th Sunday of Luke  🐟
November 16	Matthew the Apostle & Evangelist  🐟  Matthew 9:9-13
November 17	Gregory the Wonderworker  🐟
November 18	Great Martyr Plato  ☦️
November 19	Prophet Obadiah  🐟
November 20	Forefeast of the Entry of the Theotokos  ☦️
November 21	The Entrance of the Theotokos into the Temple  🐟  Luke 10:38-42,11:27-28
November 22	9th Sunday of Luke  🐟
November 23	Amphilochius, Bp. Of Iconium  🐟
November 24	Pope Clement of Rome  🐟
November 25	Catherine the Great Martyr of Alexandria  🍇  Mark 5:24-34
November 26	Alypius the Stylite  🐟
November 27	Martyr James the Persian  ☦️
November 28	Stephen the New  🐟
November 29	13th Sunday of Luke  🐟
November 30	Andrew the First- Called Apostle  🐟
December 1	Prophet Nahum  🐟
December 2	Prophet Habakkuk  ☦️
December 3	Prophet Sophonias  🐟
December 4	Barbara the Great Martyr  🍇  Mark 5:24-34
December 5	Sabbas the Sanctified  🐟  Matthew 11:27-30
December 6	10th Sunday of Luke  🐟
December 7	Ambrose, Bp. Of Milan  🐟
December 8	Conception of the Theotokos Forefeast  🐟
December 9	The Conception by St. Anna of the Most Holy Theotokos  🍇
December 10	Martyrs Menas, Hermogenes, and Eugraphus  🐟
December 11	Daniel the Stylite  ☦️
December 12	Spyridon the Wonderworker of Trymithous  🍇  John 10:9-16
December 13	11th Sunday of Luke  🍇
December 14	Martyrs Thyrsus & companions  ☦️
December 15	Eleutherios the Hieromartyr, Bishop of Illyricum, and his mother Anthia  🍇  Mark 2:23-28;3:1-5
December 16	Prophet Haggai  ☦️
December 17	Prophet Daniel and the Three Holy Youths  🍇
December 18	Martyrs Sebastian & Companions  ☦️
December 19	Martyr Boniface & Companions  🍇
December 20	Sunday before Nativity  🍇
December 21	Forefeast of the Nativity  ☦️
December 22	Forefeast of the Nativity  ☦️
December 23	Forefeast of the Nativity  ☦️
December 24	Eve of the Nativity of Christ  ☦️
December 25	The Nativity of Our Lord and Savior, Jesus Christ  Matthew 2:1-12
December 26	Afterfeast of the Nativity
December 27	Sunday after Nativity
December 28	20,000 Martyrs burned in Nicomedia
December 29	14,000 infants (Holy Innocents) slain by Herod in Bethlehem
December 30	Great Martyr Anysia
December 31	Apodosis of Nativity
Paskha-42	Sunday of Orthodoxy  🍇  John 1:43-51
Paskha-36	Second Saturday of Lent  🍇  Mark 1:35-44
Paskha-35	Sunday of St. Gregory Palamas  🍇  Mark 2:1-12
Paskha-29	Third Saturday of Lent  🍇  Mark 2:14-17
Paskha-28	Sunday of the Holy Cross  🍇  Mark 8:34-38;9:1
Paskha-22	Fourth Saturday of Lent  🍇  Mark 7:31-37
Paskha-21	Sunday of St. John Climacus  🍇  Mark 9:17-31
Paskha-17	5th Thursday of Lent: The Great Canon of Saint Andrew of Crete  🍇
Paskha-15	5th Saturday of Lent: The Akathist Hymn  🍇  Luke 1:39-49,56
Paskha-14	Sunday of St. Mary of Egypt  🍇  Mark 10:32-45
Paskha-8	Lazarus Saturday  🍇  John 11:1-45
Paskha-7	Palm Sunday  🐟  John 12:1-18
Paskha-6	Holy Monday  ☦️  Matthew 21:18-43
Paskha-5	Holy Tuesday  ☦️  Matthew 22:15-46;23:1-39
Paskha-4	Holy Wednesday  ☦️  John 12:17-50
Paskha-3	Holy Thursday  🍇  Matthew 26:1-20;John13:3-17;Matthew26:21-39;Luke22:43-44;Matthew26:40-75;27:1-2
Paskha-2	Holy Friday  ☦️  Matthew 27:62-66
Paskha-1	Holy Saturday  ☦️  Matthew 28:1-20
Paskha	Great and Holy Pascha  John 1:1-17
Paskha+1	Renewal Monday  John 1:18-28
Paskha+2	Renewal Tuesday: The Commemoration of Saints Raphael, Nicholas, Irene, and the Other Newly-revealed Martyrs of Lesbos  Luke 24:12-35
Paskha+3	Renewal Wednesday  John 1:35-51
Paskha+4	Renewal Thursday  John 3:1-15
Paskha+5	Renewal Friday: Theotokos of the Life-giving Spring  John 2:12-22
Paskha+6	Renewal Saturday  John 3:22-33
Paskha+7	Thomas Sunday  John 20:19-31
Paskha+8	2nd Monday after Pascha  John 2:1-11
Paskha+9	2nd Tuesday after Pascha  John 3:16-21
Paskha+10	2nd Wednesday after Pascha  🍇  John 5:17-24
Paskha+12	2nd Friday after Pascha  🍇  John 5:30-47;6:1-2
Paskha+14	Sunday of the Myrrh-Bearing Women  Mark 15:43-47;16:1-8
Paskha+15	3rd Monday after Pascha  John 4:46-54
Paskha+16	3rd Tuesday after Pascha  John 6:27-33
Paskha+17	3rd Wednesday after Pascha  🍇  John 6:35-39
Paskha+19	3rd Friday after Pascha  🍇  John 6:48-54
Paskha+21	Sunday of the Paralytic  John 5:1-15
Paskha+22	4th Monday after Pascha  John 6:56-69
Paskha+23	4th Tuesday after Pascha  John 7:1-13
Paskha+24	4th Wednesday after Pascha - Mid-Pentecost  🐟  John 7:14-30
Paskha+28	Sunday of the Samaritan Woman  John 4:5-42
Paskha+31	5th Wednesday after Pascha  🍇  John 6:5-14
Paskha+32	5th Thursday after Pascha  John 9:39-10:9
Paskha+35	Sunday of the Blind Man  John 9:1-38
Paskha+36	6th Monday after Pascha  John 11:47-54
Paskha+38	Apodosis of Pascha  🐟  John 12:36-47
Paskha+39	Holy Ascension  Luke 24:36-53
Paskha+42	Fathers of the 1st Council  John 17:1-13
Paskha+47	The Apodosis of the Feast of the Holy Ascension  🍇  John 17:18-26
Paskha+48	The Saturday of Souls  John 21:14-25
Paskha+49	Holy Pentecost  John 7:37-52;8:12
Paskha+50	Monday of the Holy Spirit  Matthew 18:10-20
Paskha+51	1st Tuesday after Pentecost  Matthew 4:23-25;5:1-13
Paskha+52	1st Wednesday after Pentecost  Matthew 5:20-26
Paskha+54	1st Friday after Pentecost  Matthew 5:33-41
Paskha+55	The Apodosis of Holy Pentecost  Matthew 5:42-48
Paskha+56	The Sunday of All Saints  Matthew 10:32-33;37-38;19:27-30
Paskha+63	2nd Sunday of Matthew  🐟  Matthew 4:18-23
Paskha+70	3rd Sunday of Matthew  🐟  Matthew 6:22-33
Paskha+77	4th Sunday of Matthew  🐟  Matthew 8:5-13
Paskha+84	5th Sunday of Matthew  Matthew 8:28-34;9:1
Paskha+91	6th Sunday of Matthew  Matthew 9:1-8
Paskha+105	8th Sunday of Matthew  Matthew 14:14-22
Paskha+112	9th Sunday of Matthew  🍇  Matthew 14:22-34
Paskha+119	10th Sunday of Matthew  🍇  Matthew 17:14-23
Paskha+126	11th Sunday of Matthew  Matthew 18:23-35
Paskha+133	12th Sunday of Matthew  Matthew 19:16-26
Paskha+140	13th Sunday of Matthew  Matthew 21:33-42
